ERC report (2025-06-15T18:57:30+0530, Encoding UTF8)

***** Sheet /
[unconnected_wire_endpoint]: Unconnected wire endpoint
    ; warning
    @(4600 mils, 2950 mils): Horizontal Wire, length 350 mils
[pin_not_connected]: Pin not connected
    ; error
    @(1850 mils, 5150 mils): Symbol P1 Pin B5 [VCONN, Bidirectional, Line]
[unconnected_wire_endpoint]: Unconnected wire endpoint
    ; warning
    @(4600 mils, 3050 mils): Horizontal Wire, length 350 mils
[unconnected_wire_endpoint]: Unconnected wire endpoint
    ; warning
    @(4600 mils, 3150 mils): Horizontal Wire, length 350 mils
[unconnected_wire_endpoint]: Unconnected wire endpoint
    ; warning
    @(4600 mils, 3250 mils): Horizontal Wire, length 350 mils
[duplicate_pins]: Symbol 'exp32wroomd' has multiple pins with the same pin number
    ; error
    @(4400 mils, 3600 mils): Symbol U1 [exp32wroomd]
[missing_input_pin]: Symbol U1 has input pins in units [ Unit B, Unit C, Unit D ] that are not placed.
    ; warning
    @(4400 mils, 3600 mils): Symbol U1 [exp32wroomd]
[missing_power_pin]: Symbol U1 has input power pins in units [ Unit E ] that are not placed.
    ; error
    @(4400 mils, 3600 mils): Symbol U1 [exp32wroomd]
[missing_unit]: Symbol U1 has unplaced units [ Unit B, Unit C, Unit D, ... ]
    ; warning
    @(4400 mils, 3600 mils): Symbol U1 [exp32wroomd]
[unconnected_wire_endpoint]: Unconnected wire endpoint
    ; warning
    @(4600 mils, 3350 mils): Horizontal Wire, length 350 mils
[power_pin_not_driven]: Input Power pin not driven by any Output Power pins
    ; error
    @(4950 mils, 2850 mils): Symbol U1 Pin 3 [EN, Power input, Line]
[unconnected_wire_endpoint]: Unconnected wire endpoint
    ; warning
    @(4600 mils, 3450 mils): Horizontal Wire, length 350 mils
[pin_not_connected]: Pin not connected
    ; error
    @(4950 mils, 2950 mils): Symbol U1 Pin 5 [GPIO39, Input, Line]
[pin_not_driven]: Input pin not driven by any Output pins
    ; error
    @(4950 mils, 2950 mils): Symbol U1 Pin 5 [GPIO39, Input, Line]
[unconnected_wire_endpoint]: Unconnected wire endpoint
    ; warning
    @(4600 mils, 3550 mils): Horizontal Wire, length 350 mils
[pin_not_connected]: Pin not connected
    ; error
    @(4950 mils, 3050 mils): Symbol U1 Pin 6 [GPIO34, Input, Line]
[pin_not_driven]: Input pin not driven by any Output pins
    ; error
    @(4950 mils, 3050 mils): Symbol U1 Pin 6 [GPIO34, Input, Line]
[pin_not_connected]: Pin not connected
    ; error
    @(4950 mils, 3150 mils): Symbol U1 Pin 7 [GPIO35, Input, Line]
[pin_not_driven]: Input pin not driven by any Output pins
    ; error
    @(4950 mils, 3150 mils): Symbol U1 Pin 7 [GPIO35, Input, Line]
[unconnected_wire_endpoint]: Unconnected wire endpoint
    ; warning
    @(4600 mils, 3650 mils): Horizontal Wire, length 350 mils
[pin_not_connected]: Pin not connected
    ; error
    @(4950 mils, 3250 mils): Symbol U1 Pin 8 [GPIO32, Bidirectional, Line]
[pin_not_connected]: Pin not connected
    ; error
    @(4950 mils, 3350 mils): Symbol U1 Pin 9 [GPIO33, Bidirectional, Line]
[pin_not_connected]: Pin not connected
    ; error
    @(4950 mils, 3450 mils): Symbol U1 Pin 10 [GPIO25, Bidirectional, Line]
[pin_not_connected]: Pin not connected
    ; error
    @(4950 mils, 3550 mils): Symbol U1 Pin 11 [GPIO26, Bidirectional, Line]
[pin_not_connected]: Pin not connected
    ; error
    @(4950 mils, 3650 mils): Symbol U1 Pin 12 [GPIO27, Bidirectional, Line]
[pin_not_connected]: Pin not connected
    ; error
    @(6550 mils, 2650 mils): Symbol U1 Pin 37 [GPIO23, Output, Line]
[pin_not_connected]: Pin not connected
    ; error
    @(6550 mils, 2750 mils): Symbol U1 Pin 36 [GPIO22, Bidirectional, Line]
[pin_not_connected]: Pin not connected
    ; error
    @(6550 mils, 3050 mils): Symbol U1 Pin 33 [GPIO21, Bidirectional, Line]
[pin_not_connected]: Pin not connected
    ; error
    @(6550 mils, 3150 mils): Symbol U1 Pin 31 [GPIO19, Input, Line]
[pin_not_driven]: Input pin not driven by any Output pins
    ; error
    @(6550 mils, 3150 mils): Symbol U1 Pin 31 [GPIO19, Input, Line]
[pin_not_connected]: Pin not connected
    ; error
    @(6550 mils, 3250 mils): Symbol U1 Pin 30 [GPIO18, Input, Line]
[pin_not_driven]: Input pin not driven by any Output pins
    ; error
    @(6550 mils, 3250 mils): Symbol U1 Pin 30 [GPIO18, Input, Line]
[pin_not_connected]: Pin not connected
    ; error
    @(6550 mils, 3350 mils): Symbol U1 Pin 29 [GPIO5, Output, Line]
[unconnected_wire_endpoint]: Unconnected wire endpoint
    ; warning
    @(6550 mils, 2650 mils): Horizontal Wire, length 350 mils
[pin_not_connected]: Pin not connected
    ; error
    @(6550 mils, 3450 mils): Symbol U1 Pin 27 [GPIO16, Bidirectional, Line]
[unconnected_wire_endpoint]: Unconnected wire endpoint
    ; warning
    @(6550 mils, 2750 mils): Horizontal Wire, length 350 mils
[pin_not_connected]: Pin not connected
    ; error
    @(6200 mils, 4100 mils): Symbol U1 Pin 24 [GPIO2, Bidirectional, Line]
[pin_not_connected]: Pin not connected
    ; error
    @(6550 mils, 3550 mils): Symbol U1 Pin 26 [GPIO4, Bidirectional, Line]
[unconnected_wire_endpoint]: Unconnected wire endpoint
    ; warning
    @(6550 mils, 3050 mils): Horizontal Wire, length 350 mils
[unconnected_wire_endpoint]: Unconnected wire endpoint
    ; warning
    @(6550 mils, 3150 mils): Horizontal Wire, length 350 mils
[unconnected_wire_endpoint]: Unconnected wire endpoint
    ; warning
    @(6550 mils, 3250 mils): Horizontal Wire, length 350 mils
[unconnected_wire_endpoint]: Unconnected wire endpoint
    ; warning
    @(6200 mils, 4450 mils): Vertical Wire, length 350 mils
[unconnected_wire_endpoint]: Unconnected wire endpoint
    ; warning
    @(6550 mils, 3350 mils): Horizontal Wire, length 350 mils
[unconnected_wire_endpoint]: Unconnected wire endpoint
    ; warning
    @(6550 mils, 3450 mils): Horizontal Wire, length 350 mils
[unconnected_wire_endpoint]: Unconnected wire endpoint
    ; warning
    @(6550 mils, 3550 mils): Horizontal Wire, length 350 mils

 ** ERC messages: 45  Errors 26  Warnings 19
